2283.19
18087.432000
209.200000 86.460000
M107 0.000000 0.000000 (9.400000 3.760000 1 4)
M104 9.400000 0.000000 (9.400000 3.760000 1 4)
M9 18.800000 0.000000 (13.400000 4.560000 1 4)
M15 32.200000 0.000000 (13.400000 4.560000 1 4)
M24 45.600000 0.000000 (31.400000 6.960000 1 4)
M90 77.000000 0.000000 (27.000000 6.160000 1 4)
M26 32.200000 6.960000 (31.400000 6.960000 1 4)
M115 18.800000 13.920000 (49.400000 9.240000 1 6)
M114 18.800000 23.160000 (49.400000 9.240000 1 6)
M10 9.400000 32.400000 (13.400000 4.560000 1 4)
M113 22.800000 32.400000 (13.400000 5.640000 1 6)
M63 9.400000 36.960000 (9.400000 3.760000 1 4)
M119 9.400000 40.720000 (9.400000 3.760000 1 4)
M16 0.000000 44.480000 (25.400000 4.560000 1 4)
M60 25.400000 38.040000 (13.400000 5.640000 1 6)
M116 38.800000 32.400000 (52.600000 12.320000 1 8)
M117 129.600000 0.000000 (27.000000 6.160000 1 4)
M118 156.600000 0.000000 (27.000000 6.160000 1 4)
M6 135.200000 6.160000 (21.400000 9.400000 1 10)
M103 156.600000 6.160000 (21.400000 9.400000 1 10)
M3 135.200000 15.560000 (21.400000 9.400000 1 10)
M110 156.600000 15.560000 (21.400000 9.400000 1 10)
BB0 M5 M12 115.900000 24.960000 (81.400000 30.800000 1 20)
M112 154.900000 55.760000 (3.400000 0.940000 1 1)
M98 104.000000 56.700000 (52.600000 12.320000 1 8)
M111 156.600000 56.700000 (52.600000 12.320000 1 8)
M14 129.600000 69.020000 (27.000000 6.160000 1 4)
M109 156.600000 69.020000 (27.000000 6.160000 1 4)
M106 131.200000 75.180000 (25.400000 11.280000 1 12)
M108 156.600000 75.180000 (25.400000 11.280000 1 12)
